// Jest Snapshot v1, https://goo.gl/fbAQLP

exports[`CognitoConstruct synthetizes properly 1`] = `
"{
  \\"Resources\\": {
    \\"CognitoPoolB9CB508B\\": {
      \\"Type\\": \\"AWS::Cognito::UserPool\\",
      \\"Properties\\": {
        \\"AutoVerifiedAttributes\\": [
          \\"email\\"
        ],
        \\"EmailConfiguration\\": {
          \\"EmailSendingAccount\\": \\"DEVELOPER\\",
          \\"SourceArn\\": {
            \\"Fn::Join\\": [
              \\"\\",
              [
                \\"arn:aws:ses:\\",
                {
                  \\"Ref\\": \\"AWS::Region\\"
                },
                \\":\\",
                {
                  \\"Ref\\": \\"AWS::AccountId\\"
                },
                \\":identity/tester@sender.com\\"
              ]
            ]
          }
        },
        \\"LambdaConfig\\": {},
        \\"UsernameAttributes\\": [
          \\"email\\"
        ],
        \\"UserPoolName\\": \\"dear-users\\"
      }
    },
    \\"CognitoPoolCient1A73565E\\": {
      \\"Type\\": \\"AWS::Cognito::UserPoolClient\\",
      \\"Properties\\": {
        \\"UserPoolId\\": {
          \\"Ref\\": \\"CognitoPoolB9CB508B\\"
        },
        \\"ClientName\\": \\"dear-users-client\\"
      }
    }
  }
}"
`;
