// Jest Snapshot v1, https://goo.gl/fbAQLP

exports[`LambdaConstruct synthetizes properly 1`] = `
"{
  \\"Resources\\": {
    \\"LambdaServiceRoleFC57F673\\": {
      \\"Type\\": \\"AWS::IAM::Role\\",
      \\"Properties\\": {
        \\"AssumeRolePolicyDocument\\": {
          \\"Statement\\": [
            {
              \\"Action\\": \\"sts:AssumeRole\\",
              \\"Effect\\": \\"Allow\\",
              \\"Principal\\": {
                \\"Service\\": \\"lambda.amazonaws.com\\"
              }
            }
          ],
          \\"Version\\": \\"2012-10-17\\"
        },
        \\"ManagedPolicyArns\\": [
          {
            \\"Fn::Join\\": [
              \\"\\",
              [
                \\"arn:\\",
                {
                  \\"Ref\\": \\"AWS::Partition\\"
                },
                \\":iam::aws:policy/service-role/AWSLambdaBasicExecutionRole\\"
              ]
            ]
          }
        ]
      }
    },
    \\"Lambda04A6F88D\\": {
      \\"Type\\": \\"AWS::Lambda::Function\\",
      \\"Properties\\": {
        \\"Code\\": {
          \\"S3Bucket\\": {
            \\"Ref\\": \\"AssetParametersa01d7ae7320ca3585284aa78ab4e0cf1ae566e8c2fa817033ce1265f24728ebcS3Bucket48496794\\"
          },
          \\"S3Key\\": {
            \\"Fn::Join\\": [
              \\"\\",
              [
                {
                  \\"Fn::Select\\": [
                    0,
                    {
                      \\"Fn::Split\\": [
                        \\"||\\",
                        {
                          \\"Ref\\": \\"AssetParametersa01d7ae7320ca3585284aa78ab4e0cf1ae566e8c2fa817033ce1265f24728ebcS3VersionKey212E41BB\\"
                        }
                      ]
                    }
                  ]
                },
                {
                  \\"Fn::Select\\": [
                    1,
                    {
                      \\"Fn::Split\\": [
                        \\"||\\",
                        {
                          \\"Ref\\": \\"AssetParametersa01d7ae7320ca3585284aa78ab4e0cf1ae566e8c2fa817033ce1265f24728ebcS3VersionKey212E41BB\\"
                        }
                      ]
                    }
                  ]
                }
              ]
            ]
          }
        },
        \\"Handler\\": \\"index.handler\\",
        \\"Role\\": {
          \\"Fn::GetAtt\\": [
            \\"LambdaServiceRoleFC57F673\\",
            \\"Arn\\"
          ]
        },
        \\"Runtime\\": \\"nodejs12.x\\"
      },
      \\"DependsOn\\": [
        \\"LambdaServiceRoleFC57F673\\"
      ]
    }
  },
  \\"Parameters\\": {
    \\"AssetParametersa01d7ae7320ca3585284aa78ab4e0cf1ae566e8c2fa817033ce1265f24728ebcS3Bucket48496794\\": {
      \\"Type\\": \\"String\\",
      \\"Description\\": \\"S3 bucket for asset \\\\\\"a01d7ae7320ca3585284aa78ab4e0cf1ae566e8c2fa817033ce1265f24728ebc\\\\\\"\\"
    },
    \\"AssetParametersa01d7ae7320ca3585284aa78ab4e0cf1ae566e8c2fa817033ce1265f24728ebcS3VersionKey212E41BB\\": {
      \\"Type\\": \\"String\\",
      \\"Description\\": \\"S3 key for asset version \\\\\\"a01d7ae7320ca3585284aa78ab4e0cf1ae566e8c2fa817033ce1265f24728ebc\\\\\\"\\"
    },
    \\"AssetParametersa01d7ae7320ca3585284aa78ab4e0cf1ae566e8c2fa817033ce1265f24728ebcArtifactHash83E3FF2D\\": {
      \\"Type\\": \\"String\\",
      \\"Description\\": \\"Artifact hash for asset \\\\\\"a01d7ae7320ca3585284aa78ab4e0cf1ae566e8c2fa817033ce1265f24728ebc\\\\\\"\\"
    }
  }
}"
`;
